#-----------------------------------------------------------
# Vivado v2025.2 (64-bit)
# SW Build 6299465 on Fri Nov 14 12:34:56 MST 2025
# IP Build 6300035 on Fri Nov 14 10:48:45 MST 2025
# SharedData Build 6298862 on Thu Nov 13 04:50:51 MST 2025
# Start of session at: Tue Jul 21 15:02:23 2026
# Process ID         : 1911700
# Current directory  : /home/lch/work/Kirchhoff-II/chiplab/fpga/nscscc-team/run_vivado
# Command line       : vivado -mode batch -source /home/lch/work/Kirchhoff-II/score/out/vivado_timing/vivado_timing_flow.tcl
# Log file           : /home/lch/work/Kirchhoff-II/chiplab/fpga/nscscc-team/run_vivado/vivado.log
# Journal file       : /home/lch/work/Kirchhoff-II/chiplab/fpga/nscscc-team/run_vivado/vivado.jou
# Running On         : loong-arch-mini
# Platform           : Ubuntu
# Operating System   : Ubuntu 24.04.4 LTS
# Processor Detail   : AMD Ryzen 9 9950X3D 16-Core Processor
# CPU Frequency      : 5480.493 MHz
# CPU Physical cores : 16
# CPU Logical cores  : 32
# Host memory        : 98761 MB
# Swap memory        : 8589 MB
# Total Virtual      : 107351 MB
# Available Virtual  : 71529 MB
#-----------------------------------------------------------
source /home/lch/work/Kirchhoff-II/score/out/vivado_timing/vivado_timing_flow.tcl
